// Jest Snapshot v1, https://goo.gl/fbAQLP

exports[`<SubscriptionSection /> renders correctly 1`] = `
<DocumentFragment>
  <div
    class="subscriptionSectionBackground"
  >
    <div
      class="pageContents"
    >
      <div
        class="header"
      >
        Select Your Subscription
      </div>
      <div
        class="cards"
      />
      <button
        aria-label="submit a subscription type"
        class="button"
        role="button"
      >
        Select a Subscription Type
        <div
          style="min-width: 8px; height: 100%;"
        />
        <svg
          fill="none"
          height="65"
          viewBox="0 0 65 65"
          width="65"
          xmlns="http://www.w3.org/2000/svg"
        >
          <g
            filter="url(#filter0_d_248_229)"
          >
            <circle
              cx="32.5"
              cy="28.5"
              r="25.5"
              shape-rendering="crispEdges"
              stroke="white"
              stroke-width="6"
              transform="rotate(-90 32.5 28.5)"
            />
          </g>
          <g
            filter="url(#filter1_d_248_229)"
          >
            <path
              clip-rule="evenodd"
              d="M13.0234 28.7375L25.5599 41.6488L25.5602 41.6485L28.9359 45.125L44.8484 28.7375L28.9359 12.35L25.5598 15.8269L25.5594 15.8264L13.0234 28.7375ZM25.5598 15.8269L13.0234 28.7375L25.5602 41.6485L38.0967 28.7379L25.5598 15.8269Z"
              fill="white"
              fill-rule="evenodd"
            />
          </g>
          <defs>
            <filter
              color-interpolation-filters="sRGB"
              filterUnits="userSpaceOnUse"
              height="65"
              id="filter0_d_248_229"
              width="65"
              x="0"
              y="0"
            >
              <feflood
                flood-opacity="0"
                result="BackgroundImageFix"
              />
              <fecolormatrix
                in="SourceAlpha"
                result="hardAlpha"
                type="matrix"
                values="0 0 0 0 0 0 0 0 0 0 0 0 0 0 0 0 0 0 127 0"
              />
              <feoffset
                dy="4"
              />
              <fegaussianblur
                stdDeviation="2"
              />
              <fecomposite
                in2="hardAlpha"
                operator="out"
              />
              <fecolormatrix
                type="matrix"
                values="0 0 0 0 0 0 0 0 0 0 0 0 0 0 0 0 0 0 0.25 0"
              />
              <feblend
                in2="BackgroundImageFix"
                mode="normal"
                result="effect1_dropShadow_248_229"
              />
              <feblend
                in="SourceGraphic"
                in2="effect1_dropShadow_248_229"
                mode="normal"
                result="shape"
              />
            </filter>
            <filter
              color-interpolation-filters="sRGB"
              filterUnits="userSpaceOnUse"
              height="40.7749"
              id="filter1_d_248_229"
              width="39.8281"
              x="9.02344"
              y="12.3501"
            >
              <feflood
                flood-opacity="0"
                result="BackgroundImageFix"
              />
              <fecolormatrix
                in="SourceAlpha"
                result="hardAlpha"
                type="matrix"
                values="0 0 0 0 0 0 0 0 0 0 0 0 0 0 0 0 0 0 127 0"
              />
              <feoffset
                dy="4"
              />
              <fegaussianblur
                stdDeviation="2"
              />
              <fecomposite
                in2="hardAlpha"
                operator="out"
              />
              <fecolormatrix
                type="matrix"
                values="0 0 0 0 0 0 0 0 0 0 0 0 0 0 0 0 0 0 0.25 0"
              />
              <feblend
                in2="BackgroundImageFix"
                mode="normal"
                result="effect1_dropShadow_248_229"
              />
              <feblend
                in="SourceGraphic"
                in2="effect1_dropShadow_248_229"
                mode="normal"
                result="shape"
              />
            </filter>
          </defs>
        </svg>
      </button>
      <div
        class="footer"
      />
    </div>
  </div>
</DocumentFragment>
`;
